python : C:\Program Files\Python313\python.exe: No module named idf
At line:1 char:119
+ ... -idf\export.bat > $null" ; python -m idf build --verbose 2>&1 | Tee-O ...
+                                ~~~~~~~~~~~~~~~~~~~~~~~~~~~~~~~~~~
    + CategoryInfo          : NotSpecified: (C:\Program File...odule named idf 
   :String) [], RemoteException
    + FullyQualifiedErrorId : NativeCommandError
 
